
> @ssa-ui-kit/templates@3.19.0 build /Users/yaroslav/Desktop/SuperFolder/projects/ui-kit/packages/templates
> webpack --mode=production --node-env=production && tsc --build ./tsconfig.build.json && resolve-tspaths -p ./tsconfig.build.json

Browserslist: browsers data (caniuse-lite) is 8 months old. Please run:
  npx update-browserslist-db@latest
  Why you should do it regularly: https://github.com/browserslist/update-db#readme
asset 809.index.js 1.16 MiB [compared for emit] [big] (id hint: vendors)
asset index.js 985 KiB [compared for emit] [big] (name: main)
asset 733.index.js 1.69 KiB [compared for emit]
cached modules 4.2 MiB (javascript) 7.07 KiB (runtime) [cached] 392 modules
orphan modules 1.56 KiB [orphan] 1 module

WARNING in asset size limit: The following asset(s) exceed the recommended size limit (244 KiB).
This can impact web performance.
Assets: 
  index.js (985 KiB)
  809.index.js (1.16 MiB)

WARNING in entrypoint size limit: The following entrypoint(s) combined asset size exceeds the recommended limit (244 KiB). This can impact web performance.
Entrypoints:
  main (985 KiB)
      index.js

webpack 5.103.0 compiled with 2 warnings in 529 ms
[1mresolve-tspaths:[22m changed 84 file(s)
