
> @ssa-ui-kit/infra-dash@1.2.0 build /Users/yaroslav/Desktop/SuperFolder/projects/ui-kit/packages/infra-dash
> webpack --mode=production --node-env=production && tsc --build ./tsconfig.build.json && resolve-tspaths -p ./tsconfig.build.json

Browserslist: browsers data (caniuse-lite) is 8 months old. Please run:
  npx update-browserslist-db@latest
  Why you should do it regularly: https://github.com/browserslist/update-db#readme
asset index.js 501 KiB [compared for emit] [big] (name: main)
cached modules 985 KiB (javascript) 937 bytes (runtime) [cached] 78 modules

WARNING in asset size limit: The following asset(s) exceed the recommended size limit (244 KiB).
This can impact web performance.
Assets: 
  index.js (501 KiB)

WARNING in entrypoint size limit: The following entrypoint(s) combined asset size exceeds the recommended limit (244 KiB). This can impact web performance.
Entrypoints:
  main (501 KiB)
      index.js

WARNING in webpack performance recommendations: 
You can limit the size of your bundles by using import() or require.ensure to lazy load some parts of your application.
For more info visit https://webpack.js.org/guides/code-splitting/

webpack 5.103.0 compiled with 3 warnings in 2008 ms
[1mresolve-tspaths:[22m changed 24 file(s)
