
> @ssa-ui-kit/core@3.19.0 build /Users/yaroslav/Desktop/SuperFolder/projects/ui-kit/packages/core
> node ../../scripts/clean.mjs && webpack --mode=production --node-env=production && tsc --build ./tsconfig.build.json && resolve-tspaths -p ./tsconfig.build.json

clean(core): removed dist, tsconfig.tsbuildinfo
Browserslist: browsers data (caniuse-lite) is 8 months old. Please run:
  npx update-browserslist-db@latest
  Why you should do it regularly: https://github.com/browserslist/update-db#readme
asset index.js 5.66 MiB [emitted] [big] (name: main)
cached modules 5.61 MiB [cached] 1524 modules
orphan modules 58.6 KiB [orphan] 14 modules
runtime modules 1.25 KiB 6 modules
./src/index.ts + 1010 modules 5.34 MiB [not cacheable] [built] [code generated]

WARNING in asset size limit: The following asset(s) exceed the recommended size limit (244 KiB).
This can impact web performance.
Assets: 
  index.js (5.66 MiB)

WARNING in entrypoint size limit: The following entrypoint(s) combined asset size exceeds the recommended limit (244 KiB). This can impact web performance.
Entrypoints:
  main (5.66 MiB)
      index.js

WARNING in webpack performance recommendations: 
You can limit the size of your bundles by using import() or require.ensure to lazy load some parts of your application.
For more info visit https://webpack.js.org/guides/code-splitting/

webpack 5.103.0 compiled with 3 warnings in 3665 ms

asset index.mjs 5.74 MiB [emitted] [javascript module] [big] (name: main)
cached modules 5.61 MiB [cached] 1524 modules
orphan modules 58.6 KiB [orphan] 14 modules
runtime modules 1010 bytes 5 modules
./src/index.ts + 1010 modules 5.34 MiB [not cacheable] [built] [code generated]

WARNING in asset size limit: The following asset(s) exceed the recommended size limit (244 KiB).
This can impact web performance.
Assets: 
  index.mjs (5.74 MiB)

WARNING in entrypoint size limit: The following entrypoint(s) combined asset size exceeds the recommended limit (244 KiB). This can impact web performance.
Entrypoints:
  main (5.74 MiB)
      index.mjs

WARNING in webpack performance recommendations: 
You can limit the size of your bundles by using import() or require.ensure to lazy load some parts of your application.
For more info visit https://webpack.js.org/guides/code-splitting/

webpack 5.103.0 compiled with 3 warnings in 1689 ms
[1mresolve-tspaths:[22m changed 347 file(s)
