
> @ssa-ui-kit/docs@0.0.0 build /Users/yaroslav/Desktop/SuperFolder/projects/ui-kit/apps/docs
> next build

   ▲ Next.js 15.5.19

[MDX] updated map file in 10.86474999999973ms
   Creating an optimized production build ...
 ✓ Compiled successfully in 3.5s
   Skipping linting
   Checking validity of types ...
   Collecting page data ...
   Generating static pages (0/20) ...
   Generating static pages (5/20) 
   Generating static pages (10/20) 
   Generating static pages (15/20) 
 ✓ Generating static pages (20/20)
   Finalizing page optimization ...
   Collecting build traces ...

Route (app)                                 Size  First Load JS
┌ ○ /                                      165 B         107 kB
├ ○ /_not-found                             1 kB         104 kB
├ ƒ /api/search                            127 B         104 kB
└ ● /docs/[[...slug]]                    15.1 kB         135 kB
    ├ /docs/avatar
    ├ /docs/badge
    ├ /docs/button
    └ [+12 more paths]
+ First Load JS shared by all             103 kB
  ├ chunks/1026-5dcfe6108b8acdb1.js      46.1 kB
  ├ chunks/808d3bc2-829ffcc9fde7ccd9.js  54.2 kB
  └ other shared chunks (total)          3.09 kB


○  (Static)   prerendered as static content
●  (SSG)      prerendered as static HTML (uses generateStaticParams)
ƒ  (Dynamic)  server-rendered on demand

