
> @ssa-ui-kit/fitness-dashboard@0.0.0 build /Users/yaroslav/Desktop/SuperFolder/projects/ui-kit/examples/fitness-dashboard
> webpack --mode=production --node-env=production

Browserslist: browsers data (caniuse-lite) is 8 months old. Please run:
  npx update-browserslist-db@latest
  Why you should do it regularly: https://github.com/browserslist/update-db#readme
assets by status 484 KiB [cached] 4 assets
assets by status 1000 KiB [emitted]
  asset main.ad6478d48582d8c2c255.js 1000 KiB [emitted] [immutable] [minimized] [big] (name: main) 1 related asset
  asset index.html 860 bytes [emitted] [compared for emit]
Entrypoint main [big] 1.21 MiB (3.95 MiB) = runtime.3145517c0f8391b38b81.js 3.76 KiB charts.fa02a29b4dfc794d88fe.js 227 KiB main.ad6478d48582d8c2c255.js 1000 KiB 3 auxiliary assets
orphan modules 16 MiB [orphan] 2072 modules
runtime modules 9.43 KiB 13 modules
cacheable modules 3.83 MiB 283 modules

WARNING in asset size limit: The following asset(s) exceed the recommended size limit (244 KiB).
This can impact web performance.
Assets: 
  main.ad6478d48582d8c2c255.js (1000 KiB)
  809.e5a9b5cf4b80b5685d01.js (253 KiB)

WARNING in entrypoint size limit: The following entrypoint(s) combined asset size exceeds the recommended limit (244 KiB). This can impact web performance.
Entrypoints:
  main (1.21 MiB)
      runtime.3145517c0f8391b38b81.js
      charts.fa02a29b4dfc794d88fe.js
      main.ad6478d48582d8c2c255.js

webpack 5.103.0 compiled with 2 warnings in 8031 ms
